// Jest Snapshot v1, https://goo.gl/fbAQLP

exports[`renders correctly 1`] = `
<a
  className="normal"
  href="http://www.baidu.com"
  onMouseEnter={[Function]}
  onMouseLeave={[Function]}
>
  Baidu
</a>
`;
